Component: Arm Compiler for Embedded 6.21 Tool: armlink [5ec1fa00]

==============================================================================

Section Cross References

    main.o(.text.Init_USARTx) refers to uart.o(.text.UART1_Init) for UART1_Init
    main.o(.text.Init_USARTx) refers to uart.o(.text.UART1_GPIO_Init) for UART1_GPIO_Init
    main.o(.text.Init_USARTx) refers to uart.o(.text.USART_Init) for USART_Init
    main.o(.text.Init_USARTx) refers to uart.o(.text.UART2_Init) for UART2_Init
    main.o(.text.Init_USARTx) refers to uart.o(.text.UART2_GPIO_Init) for UART2_GPIO_Init
    main.o(.ARM.exidx.text.Init_USARTx) refers to main.o(.text.Init_USARTx) for [Anonymous Symbol]
    main.o(.text.main) refers to sysclock.o(.text.System_Clock_Init) for System_Clock_Init
    main.o(.text.main) refers to motor.o(.text.Motor_Init) for Motor_Init
    main.o(.text.main) refers to systimer.o(.text.SysTick_Init) for SysTick_Init
    main.o(.text.main) refers to main.o(.text.Init_USARTx) for Init_USARTx
    main.o(.text.main) refers to main.o(.rodata.str1.1) for .L.str
    main.o(.text.main) refers to printf.o(.text) for printf
    main.o(.text.main) refers to scanf.o(.text) for scanf
    main.o(.text.main) refers to motor.o(.text.setDire) for setDire
    main.o(.ARM.exidx.text.main) refers to main.o(.text.main) for [Anonymous Symbol]
    startup_stm32l476xx.o(STACK) refers (Special) to heapauxi.o(.text) for __use_two_region_memory
    startup_stm32l476xx.o(HEAP) refers (Special) to heapauxi.o(.text) for __use_two_region_memory
    startup_stm32l476xx.o(RESET) refers (Special) to heapauxi.o(.text) for __use_two_region_memory
    startup_stm32l476xx.o(RESET) refers to startup_stm32l476xx.o(STACK) for __initial_sp
    startup_stm32l476xx.o(RESET) refers to startup_stm32l476xx.o(.text) for Reset_Handler
    startup_stm32l476xx.o(RESET) refers to systimer.o(.text.SysTick_Handler) for SysTick_Handler
    startup_stm32l476xx.o(.text) refers (Special) to heapauxi.o(.text) for __use_two_region_memory
    startup_stm32l476xx.o(.text) refers to __main.o(!!!main) for __main
    startup_stm32l476xx.o(.text) refers to startup_stm32l476xx.o(HEAP) for Heap_Mem
    startup_stm32l476xx.o(.text) refers to startup_stm32l476xx.o(STACK) for Stack_Mem
    sysclock.o(.ARM.exidx.text.System_Clock_Init) refers to sysclock.o(.text.System_Clock_Init) for [Anonymous Symbol]
    systimer.o(.text.SysTick_Init) refers to systimer.o(.text.__NVIC_EnableIRQ) for __NVIC_EnableIRQ
    systimer.o(.text.SysTick_Init) refers to systimer.o(.text.__NVIC_SetPriority) for __NVIC_SetPriority
    systimer.o(.ARM.exidx.text.SysTick_Init) refers to systimer.o(.text.SysTick_Init) for [Anonymous Symbol]
    systimer.o(.ARM.exidx.text.__NVIC_EnableIRQ) refers to systimer.o(.text.__NVIC_EnableIRQ) for [Anonymous Symbol]
    systimer.o(.ARM.exidx.text.__NVIC_SetPriority) refers to systimer.o(.text.__NVIC_SetPriority) for [Anonymous Symbol]
    systimer.o(.text.SysTick_Handler) refers to motor.o(.text.rotate) for rotate
    systimer.o(.text.SysTick_Handler) refers to systimer.o(.bss.step) for step
    systimer.o(.ARM.exidx.text.SysTick_Handler) refers to systimer.o(.text.SysTick_Handler) for [Anonymous Symbol]
    systimer.o(.text.delay) refers to systimer.o(.bss.step) for step
    systimer.o(.ARM.exidx.text.delay) refers to systimer.o(.text.delay) for [Anonymous Symbol]
    uart.o(.ARM.exidx.text.UART1_Init) refers to uart.o(.text.UART1_Init) for [Anonymous Symbol]
    uart.o(.ARM.exidx.text.UART2_Init) refers to uart.o(.text.UART2_Init) for [Anonymous Symbol]
    uart.o(.ARM.exidx.text.UART1_GPIO_Init) refers to uart.o(.text.UART1_GPIO_Init) for [Anonymous Symbol]
    uart.o(.ARM.exidx.text.UART2_GPIO_Init) refers to uart.o(.text.UART2_GPIO_Init) for [Anonymous Symbol]
    uart.o(.ARM.exidx.text.USART_Init) refers to uart.o(.text.USART_Init) for [Anonymous Symbol]
    uart.o(.ARM.exidx.text.USART_Read) refers to uart.o(.text.USART_Read) for [Anonymous Symbol]
    uart.o(.text.USART_Write) refers to uart.o(.text.USART_Delay) for USART_Delay
    uart.o(.ARM.exidx.text.USART_Write) refers to uart.o(.text.USART_Write) for [Anonymous Symbol]
    uart.o(.ARM.exidx.text.USART_Delay) refers to uart.o(.text.USART_Delay) for [Anonymous Symbol]
    motor.o(.text.Motor_Init) refers to motor.o(.bss.step) for step
    motor.o(.text.Motor_Init) refers to motor.o(.rodata.HalfStep) for HalfStep
    motor.o(.ARM.exidx.text.Motor_Init) refers to motor.o(.text.Motor_Init) for [Anonymous Symbol]
    motor.o(.text.rotate) refers to motor.o(.bss.dire) for dire
    motor.o(.text.rotate) refers to motor.o(.bss.step) for step
    motor.o(.text.rotate) refers to motor.o(.rodata.HalfStep) for HalfStep
    motor.o(.ARM.exidx.text.rotate) refers to motor.o(.text.rotate) for [Anonymous Symbol]
    motor.o(.text.setDire) refers to motor.o(.rodata.str1.1) for .L.str
    motor.o(.text.setDire) refers to printf.o(.text) for printf
[...]
    .text                                    0x08001f20   Section        8  rt_locale_intlibspace.o(.text)
    .text                                    0x08001f28   Section        8  rt_errno_addr_intlibspace.o(.text)
    .text                                    0x08001f30   Section       38  llshl.o(.text)
    .text                                    0x08001f56   Section        0  isspace.o(.text)
    .text                                    0x08001f68   Section        0  _printf_fp_infnan.o(.text)
    .text                                    0x08001fe8   Section        0  _scanf.o(.text)
    .text                                    0x08002364   Section        0  bigflt0.o(.text)
    .text                                    0x08002448   Section        0  ungetc.o(.text)
    .text                                    0x08002490   Section        0  exit.o(.text)
    .text                                    0x080024a4   Section        8  libspace.o(.text)
    .text                                    0x080024ac   Section        0  _rserrno.o(.text)
    .text                                    0x080024c4   Section        0  scanf_hexfp.o(.text)
    .text                                    0x080027ec   Section        0  scanf_infnan.o(.text)
    .text                                    0x08002928   Section      124  strcmpv7em.o(.text)
    .text                                    0x080029a4   Section        0  sys_exit.o(.text)
    .text                                    0x080029b0   Section        2  use_no_semi.o(.text)
    .text                                    0x080029b2   Section        0  indicate_semi.o(.text)
    [Anonymous Symbol]                       0x080029b4   Section        0  main.o(.text.Init_USARTx)
    [Anonymous Symbol]                       0x08002a00   Section        0  motor.o(.text.Motor_Init)
    [Anonymous Symbol]                       0x08002a78   Section        0  systimer.o(.text.SysTick_Handler)
    [Anonymous Symbol]                       0x08002a90   Section        0  systimer.o(.text.SysTick_Init)
    [Anonymous Symbol]                       0x08002ae8   Section        0  sysclock.o(.text.System_Clock_Init)
    [Anonymous Symbol]                       0x08002cbc   Section        0  uart.o(.text.UART1_GPIO_Init)
    [Anonymous Symbol]                       0x08002d40   Section        0  uart.o(.text.UART1_Init)
    [Anonymous Symbol]                       0x08002d64   Section        0  uart.o(.text.UART2_GPIO_Init)
    [Anonymous Symbol]                       0x08002ddc   Section        0  uart.o(.text.UART2_Init)
    [Anonymous Symbol]                       0x08002e00   Section        0  uart.o(.text.USART_Delay)
    [Anonymous Symbol]                       0x08002e34   Section        0  uart.o(.text.USART_Init)
    [Anonymous Symbol]                       0x08002e80   Section        0  uart.o(.text.USART_Read)
    [Anonymous Symbol]                       0x08002ea0   Section        0  uart.o(.text.USART_Write)
    __NVIC_EnableIRQ                         0x08002f05   Thumb Code    48  systimer.o(.text.__NVIC_EnableIRQ)
    [Anonymous Symbol]                       0x08002f04   Section        0  systimer.o(.text.__NVIC_EnableIRQ)
    __NVIC_SetPriority                       0x08002f35   Thumb Code    66  systimer.o(.text.__NVIC_SetPriority)
    [Anonymous Symbol]                       0x08002f34   Section        0  systimer.o(.text.__NVIC_SetPriority)
    [Anonymous Symbol]                       0x08002f78   Section        0  uart_printf.o(.text.fgetc)
    [Anonymous Symbol]                       0x08002f98   Section        0  uart_printf.o(.text.fputc)
    [Anonymous Symbol]                       0x08002fc0   Section        0  main.o(.text.main)
    [Anonymous Symbol]                       0x0800302c   Section        0  motor.o(.text.rotate)
    [Anonymous Symbol]                       0x080030c4   Section        0  motor.o(.text.setDire)
    CL$$btod_d2e                             0x080030ee   Section       62  btod.o(CL$$btod_d2e)
    CL$$btod_d2e_denorm_low                  0x0800312c   Section       70  btod.o(CL$$btod_d2e_denorm_low)
    CL$$btod_d2e_norm_op1                    0x08003172   Section       96  btod.o(CL$$btod_d2e_norm_op1)
    CL$$btod_div_common                      0x080031d4   Section      824  btod.o(CL$$btod_div_common)
    CL$$btod_e2d                             0x0800350c   Section      132  btod.o(CL$$btod_e2d)
    CL$$btod_e2e                             0x08003590   Section      220  btod.o(CL$$btod_e2e)
    CL$$btod_ediv                            0x0800366c   Section       42  btod.o(CL$$btod_ediv)
    CL$$btod_edivd                           0x08003696   Section       42  btod.o(CL$$btod_edivd)
    CL$$btod_emul                            0x080036c0   Section       42  btod.o(CL$$btod_emul)
    CL$$btod_emuld                           0x080036ea   Section       42  btod.o(CL$$btod_emuld)
    CL$$btod_mult_common                     0x08003714   Section      580  btod.o(CL$$btod_mult_common)
    i.__ARM_fpclassify                       0x08003958   Section        0  fpclassify.o(i.__ARM_fpclassify)
    i.__hardfp___mathlib_tofloat             0x08003988   Section        0  narrow.o(i.__hardfp___mathlib_tofloat)
    i.__hardfp_ldexp                         0x08003a80   Section        0  ldexp.o(i.__hardfp_ldexp)
    i.__mathlib_dbl_overflow                 0x08003b50   Section        0  dunder.o(i.__mathlib_dbl_overflow)
    i.__mathlib_dbl_underflow                0x08003b70   Section        0  dunder.o(i.__mathlib_dbl_underflow)
    i.__mathlib_narrow                       0x08003b90   Section        0  narrow.o(i.__mathlib_narrow)
    i.__support_ldexp                        0x08003ba2   Section        0  ldexp.o(i.__support_ldexp)
    i._is_digit                              0x08003bb6   Section        0  __printf_wp.o(i._is_digit)
    i.frexp                                  0x08003bc8   Section        0  frexp.o(i.frexp)
    locale$$code                             0x08003c54   Section       44  lc_numeric_c.o(locale$$code)
    locale$$code                             0x08003c80   Section       44  lc_ctype_c.o(locale$$code)
    $v0                                      0x08003cac   Number         0  d2f.o(x$fpl$d2f)
    x$fpl$d2f                                0x08003cac   Section       98  d2f.o(x$fpl$d2f)
    $v0                                      0x08003d10   Number         0  dcheck1.o(x$fpl$dcheck1)
    x$fpl$dcheck1                            0x08003d10   Section       16  dcheck1.o(x$fpl$dcheck1)
    $v0                                      0x08003d20   Number         0  dcmpi.o(x$fpl$dcmpinf)
    x$fpl$dcmpinf                            0x08003d20   Section       24  dcmpi.o(x$fpl$dcmpinf)
    $v0                                      0x08003d38   Number         0  deqf.o(x$fpl$deqf)
    x$fpl$deqf                               0x08003d38   Section      120  deqf.o(x$fpl$deqf)
    $v0                                      0x08003db0   Number         0  dleqf.o(x$fpl$dleqf)
    x$fpl$dleqf                              0x08003db0   Section      120  dleqf.o(x$fpl$dleqf)
    $v0                                      0x08003e28   Number         0  dmul.o(x$fpl$dmul)
    x$fpl$dmul                               0x08003e28   Section      340  dmul.o(x$fpl$dmul)
    $v0                                      0x08003f7c   Number         0  dnaninf.o(x$fpl$dnaninf)
    x$fpl$dnaninf                            0x08003f7c   Section      156  dnaninf.o(x$fpl$dnaninf)
    $v0                                      0x08004018   Number         0  dretinf.o(x$fpl$dretinf)
    x$fpl$dretinf                            0x08004018   Section       12  dretinf.o(x$fpl$dretinf)
    $v0                                      0x08004024   Number         0  drleqf.o(x$fpl$drleqf)
    x$fpl$drleqf                             0x08004024   Section      108  drleqf.o(x$fpl$drleqf)
    $v0                                      0x08004090   Number         0  fpinit.o(x$fpl$fpinit)
    x$fpl$fpinit                             0x08004090   Section       26  fpinit.o(x$fpl$fpinit)
    $v0                                      0x080040aa   Number         0  fretinf.o(x$fpl$fretinf)
    x$fpl$fretinf                            0x080040aa   Section       10  fretinf.o(x$fpl$fretinf)
    $v0                                      0x080040b4   Number         0  istatus.o(x$fpl$ieeestatus)
    x$fpl$ieeestatus                         0x080040b4   Section        6  istatus.o(x$fpl$ieeestatus)
    $v0                                      0x080040ba   Number         0  printf1.o(x$fpl$printf1)
    x$fpl$printf1                            0x080040ba   Section        4  printf1.o(x$fpl$printf1)
    $v0                                      0x080040be   Number         0  printf2.o(x$fpl$printf2)
    x$fpl$printf2                            0x080040be   Section        4  printf2.o(x$fpl$printf2)
    $v0                                      0x080040c2   Number         0  retnan.o(x$fpl$retnan)
    x$fpl$retnan                             0x080040c2   Section      100  retnan.o(x$fpl$retnan)
    $v0                                      0x08004126   Number         0  scalbn.o(x$fpl$scalbn)
    x$fpl$scalbn                             0x08004126   Section       92  scalbn.o(x$fpl$scalbn)
    $v0                                      0x08004182   Number         0  scanf1.o(x$fpl$scanf1)
    x$fpl$scanf1                             0x08004182   Section        4  scanf1.o(x$fpl$scanf1)
    $v0                                      0x08004186   Number         0  scanf2.o(x$fpl$scanf2)
    x$fpl$scanf2                             0x08004186   Section        8  scanf2.o(x$fpl$scanf2)
    $v0                                      0x0800418e   Number         0  trapv.o(x$fpl$trapveneer)
    x$fpl$trapveneer                         0x0800418e   Section       48  trapv.o(x$fpl$trapveneer)
    x$fpl$usenofp                            0x080041be   Section        0  usenofp.o(x$fpl$usenofp)
    initial_mbstate                          0x080041c0   Data           8  _printf_wctomb.o(.constdata)
    .constdata                               0x080041c0   Section        8  _printf_wctomb.o(.constdata)
    uc_hextab                                0x080041c8   Data          20  _printf_hex_int_ll_ptr.o(.constdata)
    .constdata                               0x080041c8   Section       40  _printf_hex_int_ll_ptr.o(.constdata)
    lc_hextab                                0x080041dc   Data          20  _printf_hex_int_ll_ptr.o(.constdata)
    maptable                                 0x080041f0   Data          17  __printf_flags_ss_wp.o(.constdata)
    .constdata                               0x080041f0   Section       17  __printf_flags_ss_wp.o(.constdata)
    lc_hextab                                0x08004201   Data          19  _printf_fp_hex.o(.constdata)
    .constdata                               0x08004201   Section       38  _printf_fp_hex.o(.constdata)
    uc_hextab                                0x08004214   Data          19  _printf_fp_hex.o(.constdata)
    tenpwrs_x                                0x08004228   Data          60  bigflt0.o(.constdata)
    .constdata                               0x08004228   Section      148  bigflt0.o(.constdata)
    tenpwrs_i                                0x08004264   Data          64  bigflt0.o(.constdata)
    HalfStep                                 0x080042bc   Data          32  motor.o(.rodata.HalfStep)
    [Anonymous Symbol]                       0x080042bc   Section        0  motor.o(.rodata.HalfStep)
    .L.str                                   0x080042dc   Data          18  main.o(.rodata.str1.1)
    [Anonymous Symbol]                       0x080042dc   Section        0  main.o(.rodata.str1.1)
    .L.str.1                                 0x080042ee   Data           3  main.o(.rodata.str1.1)
    .L.str                                   0x080042f1   Data          12  motor.o(.rodata.str1.1)
    [Anonymous Symbol]                       0x080042f1   Section        0  motor.o(.rodata.str1.1)
    c$$dinf                                  0x08004310   Section        8  fpconst.o(c$$dinf)
    c$$dmax                                  0x08004318   Section        8  fpconst.o(c$$dmax)
    locale$$data                             0x08004320   Section       28  lc_numeric_c.o(locale$$data)
    __lcnum_c_name                           0x08004324   Data           2  lc_numeric_c.o(locale$$data)
    __lcnum_c_start                          0x0800432c   Data           0  lc_numeric_c.o(locale$$data)
    __lcnum_c_point                          0x08004338   Data           0  lc_numeric_c.o(locale$$data)
    __lcnum_c_thousands                      0x0800433a   Data           0  lc_numeric_c.o(locale$$data)
    __lcnum_c_grouping                       0x0800433b   Data           0  lc_numeric_c.o(locale$$data)
    __lcnum_c_end                            0x0800433c   Data           0  lc_numeric_c.o(locale$$data)
    locale$$data                             0x0800433c   Section      272  lc_ctype_c.o(locale$$data)
    __lcctype_c_name                         0x08004340   Data           2  lc_ctype_c.o(locale$$data)
    __lcctype_c_start                        0x08004348   Data           0  lc_ctype_c.o(locale$$data)
    __lcctype_c_end                          0x0800444c   Data           0  lc_ctype_c.o(locale$$data)
    .bss                                     0x20000000   Section       96  libspace.o(.bss)
    dire                                     0x20000108   Data           1  motor.o(.bss.dire)
    [Anonymous Symbol]                       0x20000108   Section        0  motor.o(.bss.dire)
    step                                     0x2000010c   Data           4  systimer.o(.bss.step)
    [Anonymous Symbol]                       0x2000010c   Section        0  systimer.o(.bss.step)
    step                                     0x20000110   Data           1  motor.o(.bss.step)
    [Anonymous Symbol]                       0x20000110   Section        0  motor.o(.bss.step)
    Heap_Mem                                 0x20000118   Data         512  startup_stm32l476xx.o(HEAP)
    HEAP                                     0x20000118   Section      512  startup_stm32l476xx.o(HEAP)
    Stack_Mem                                0x20000318   Data        1024  startup_stm32l476xx.o(STACK)
    STACK                                    0x20000318   Section     1024  startup_stm32l476xx.o(STACK)
    __initial_sp                             0x20000718   Data           0  startup_stm32l476xx.o(STACK)

    Global Symbols

    Symbol Name                              Value     Ov Type        Size  Object(Section)

    BuildAttributes$$THM_ISAv4$E$P$D$K$B$S$7EM$VFPi3$EXTD16$VFPS$VFMA$PE$A:L22UL41UL21$X:L11$S22US41US21$IEEE1$IW$~IW$USESV6$~STKCKD$USESV7$~SHL$OTIME$ROPI$IEEEX$EBA8$UX$STANDARDLIB$REQ8$PRES8$EABIv2 0x00000000   Number         0  anon$$obj.o ABSOLUTE
    Image$$ER_IROM1$$RW$$Length              0x00000000   Number         0  anon$$obj.o ABSOLUTE
    Image$$ER_IROM1$$ZI$$Length              0x00000000   Number         0  anon$$obj.o ABSOLUTE
    Image$$RW_IRAM1$$Length                  0x00000000   Number         0  anon$$obj.o ABSOLUTE
    Image$$RW_IRAM1$$RO$$Length              0x00000000   Number         0  anon$$obj.o ABSOLUTE
    Image$$RW_IRAM1$$RW$$Length              0x00000000   Number         0  anon$$obj.o ABSOLUTE
    _printf_flags                            0x00000000   Number         0  printf_stubs.o ABSOLUTE
    _printf_return_value                     0x00000000   Number         0  printf_stubs.o ABSOLUTE
    _printf_sizespec                         0x00000000   Number         0  printf_stubs.o ABSOLUTE
    _printf_widthprec                        0x00000000   Number         0  printf_stubs.o ABSOLUTE
    __ARM_exceptions_init                     - Undefined Weak Reference
    __alloca_initialize                       - Undefined Weak Reference
    __arm_preinit_                            - Undefined Weak Reference
    __arm_relocate_pie_                       - Undefined Weak Reference
    __cpp_initialize__aeabi_                  - Undefined Weak Reference
    __cxa_finalize                            - Undefined Weak Reference
    __sigvec_lookup                           - Undefined Weak Reference
    _atexit_init                              - Undefined Weak Reference
    _call_atexit_fns                          - Undefined Weak Reference
    _clock_init                               - Undefined Weak Reference
    _fp_trap_init                             - Undefined Weak Reference
    _fp_trap_shutdown                         - Undefined Weak Reference
    _get_lc_collate                           - Undefined Weak Reference
    _get_lc_monetary                          - Undefined Weak Reference
    _get_lc_time                              - Undefined Weak Reference
    _getenv_init                              - Undefined Weak Reference
    _handle_redirection                       - Undefined Weak Reference
    _init_alloc                               - Undefined Weak Reference
    _init_user_alloc                          - Undefined Weak Reference
    _initio                                   - Undefined Weak Reference
    _mutex_acquire                            - Undefined Weak Reference
    _mutex_release                            - Undefined Weak Reference
    _printf_mbtowc                            - Undefined Weak Reference
    _printf_wc                                - Undefined Weak Reference
    _rand_init                                - Undefined Weak Reference
    _signal_finish                            - Undefined Weak Reference
    _signal_init                              - Undefined Weak Reference
    _terminate_alloc                          - Undefined Weak Reference
    _terminate_user_alloc                     - Undefined Weak Reference
    _terminateio                              - Undefined Weak Reference
    __Vectors_Size                           0x00000188   Number         0  startup_stm32l476xx.o ABSOLUTE
    Image$$RW_IRAM1$$ZI$$Length              0x00000718   Number         0  anon$$obj.o ABSOLUTE
    Image$$ER_IROM1$$RO$$Length              0x0000444c   Number         0  anon$$obj.o ABSOLUTE
    Image$$ER_IROM1$$RO$$Base                0x08000000   Number         0  anon$$obj.o ABSOLUTE
    Load$$ER_IROM1$$Base                     0x08000000   Number         0  anon$$obj.o ABSOLUTE
    __Vectors                                0x08000000   Data           4  startup_stm32l476xx.o(RESET)
    __Vectors_End                            0x08000188   Data           0  startup_stm32l476xx.o(RESET)
    __main                                   0x08000189   Thumb Code     8  __main.o(!!!main)
    __scatterload                            0x08000191   Thumb Code     0  __scatter.o(!!!scatter)
    __scatterload_rt2                        0x08000191   Thumb Code    84  __scatter.o(!!!scatter)
    __scatterload_rt2_thumb_only             0x08000191   Thumb Code     0  __scatter.o(!!!scatter)
    __scatterload_loop                       0x0800019b   Thumb Code     0  __scatter.o(!!!scatter)
    __scatterload_null                       0x080001ed   Thumb Code     2  __scatter.o(!!handler_null)
    __scatterload_zeroinit                   0x080001f1   Thumb Code    28  __scatter_zi.o(!!handler_zi)
    _printf_n                                0x0800020d   Thumb Code     0  _printf_n.o(.ARM.Collect$$_printf_percent$$00000001)
    _printf_percent                          0x0800020d   Thumb Code     0  _printf_percent.o(.ARM.Collect$$_printf_percent$$00000000)
    _printf_p                                0x08000213   Thumb Code     0  _printf_p.o(.ARM.Collect$$_printf_percent$$00000002)
    _printf_f                                0x08000219   Thumb Code     0  _printf_f.o(.ARM.Collect$$_printf_percent$$00000003)
    _printf_e                                0x0800021f   Thumb Code     0  _printf_e.o(.ARM.Collect$$_printf_percent$$00000004)
    _printf_g                                0x08000225   Thumb Code     0  _printf_g.o(.ARM.Collect$$_printf_percent$$00000005)
    _printf_a                                0x0800022b   Thumb Code     0  _printf_a.o(.ARM.Collect$$_printf_percent$$00000006)
    _printf_ll                               0x08000231   Thumb Code     0  _printf_ll.o(.ARM.Collect$$_printf_percent$$00000007)
    _printf_i                                0x0800023b   Thumb Code     0  _printf_i.o(.ARM.Collect$$_printf_percent$$00000008)
    _printf_d                                0x08000241   Thumb Code     0  _printf_d.o(.ARM.Collect$$_printf_percent$$00000009)
    _printf_u                                0x08000247   Thumb Code     0  _printf_u.o(.ARM.Collect$$_printf_percent$$0000000A)
    _printf_o                                0x0800024d   Thumb Code     0  _printf_o.o(.ARM.Collect$$_printf_percent$$0000000B)
    _printf_x                                0x08000253   Thumb Code     0  _printf_x.o(.ARM.Collect$$_printf_percent$$0000000C)
    _printf_lli                              0x08000259   Thumb Code     0  _printf_lli.o(.ARM.Collect$$_printf_percent$$0000000D)
    _printf_lld                              0x0800025f   Thumb Code     0  _printf_lld.o(.ARM.Collect$$_printf_percent$$0000000E)
    _printf_llu                              0x08000265   Thumb Code     0  _printf_llu.o(.ARM.Collect$$_printf_percent$$0000000F)
    _printf_llo                              0x0800026b   Thumb Code     0  _printf_llo.o(.ARM.Collect$$_printf_percent$$00000010)
    _printf_llx                              0x08000271   Thumb Code     0  _printf_llx.o(.ARM.Collect$$_printf_percent$$00000011)
    _printf_l                                0x08000277   Thumb Code     0  _printf_l.o(.ARM.Collect$$_printf_percent$$00000012)
    _printf_c                                0x08000281   Thumb Code     0  _printf_c.o(.ARM.Collect$$_printf_percent$$00000013)
    _printf_s                                0x08000287   Thumb Code     0  _printf_s.o(.ARM.Collect$$_printf_percent$$00000014)
    _printf_lc                               0x0800028d   Thumb Code     0  _printf_lc.o(.ARM.Collect$$_printf_percent$$00000015)
    _printf_ls                               0x08000293   Thumb Code     0  _printf_ls.o(.ARM.Collect$$_printf_percent$$00000016)
    _printf_percent_end                      0x08000299   Thumb Code     0  _printf_percent_end.o(.ARM.Collect$$_printf_percent$$00000017)
    __rt_lib_init                            0x0800029d   Thumb Code     0  libinit.o(.ARM.Collect$$libinit$$00000000)
    __rt_lib_init_fp_1                       0x0800029f   Thumb Code     0  libinit2.o(.ARM.Collect$$libinit$$00000001)
    __rt_lib_init_heap_1                     0x080002a3   Thumb Code     0  libinit2.o(.ARM.Collect$$libinit$$0000000C)
    __rt_lib_init_lc_common                  0x080002a3   Thumb Code     0  libinit2.o(.ARM.Collect$$libinit$$00000011)
    __rt_lib_init_preinit_1                  0x080002a3   Thumb Code     0  libinit2.o(.ARM.Collect$$libinit$$00000006)
    __rt_lib_init_rand_1                     0x080002a3   Thumb Code     0  libinit2.o(.ARM.Collect$$libinit$$00000010)
    __rt_lib_init_relocate_pie_1             0x080002a3   Thumb Code     0  libinit2.o(.ARM.Collect$$libinit$$00000004)
    __rt_lib_init_user_alloc_1               0x080002a3   Thumb Code     0  libinit2.o(.ARM.Collect$$libinit$$0000000E)
    __rt_lib_init_lc_collate_1               0x080002a9   Thumb Code     0  libinit2.o(.ARM.Collect$$libinit$$00000013)
    __rt_lib_init_lc_ctype_2                 0x080002a9   Thumb Code     0  libinit2.o(.ARM.Collect$$libinit$$00000014)
    __rt_lib_init_lc_ctype_1                 0x080002b5   Thumb Code     0  libinit2.o(.ARM.Collect$$libinit$$00000015)
    __rt_lib_init_lc_monetary_1              0x080002b5   Thumb Code     0  libinit2.o(.ARM.Collect$$libinit$$00000017)
    __rt_lib_init_lc_numeric_2               0x080002b5   Thumb Code     0  libinit2.o(.ARM.Collect$$libinit$$00000018)
    __rt_lib_init_alloca_1                   0x080002bf   Thumb Code     0  libinit2.o(.ARM.Collect$$libinit$$00000030)
    __rt_lib_init_argv_1                     0x080002bf   Thumb Code     0  libinit2.o(.ARM.Collect$$libinit$$0000002E)
    __rt_lib_init_atexit_1                   0x080002bf   Thumb Code     0  libinit2.o(.ARM.Collect$$libinit$$0000001D)
    __rt_lib_init_clock_1                    0x080002bf   Thumb Code     0  libinit2.o(.ARM.Collect$$libinit$$00000023)
    __rt_lib_init_cpp_1                      0x080002bf   Thumb Code     0  libinit2.o(.ARM.Collect$$libinit$$00000034)
    __rt_lib_init_exceptions_1               0x080002bf   Thumb Code     0  libinit2.o(.ARM.Collect$$libinit$$00000032)
    __rt_lib_init_fp_trap_1                  0x080002bf   Thumb Code     0  libinit2.o(.ARM.Collect$$libinit$$00000021)
    __rt_lib_init_getenv_1                   0x080002bf   Thumb Code     0  libinit2.o(.ARM.Collect$$libinit$$00000025)
    __rt_lib_init_lc_numeric_1               0x080002bf   Thumb Code     0  libinit2.o(.ARM.Collect$$libinit$$00000019)
    __rt_lib_init_lc_time_1                  0x080002bf   Thumb Code     0  libinit2.o(.ARM.Collect$$libinit$$0000001B)
    __rt_lib_init_return                     0x080002bf   Thumb Code     0  libinit2.o(.ARM.Collect$$libinit$$00000035)
    __rt_lib_init_signal_1                   0x080002bf   Thumb Code     0  libinit2.o(.ARM.Collect$$libinit$$0000001F)
    __rt_lib_init_stdio_1                    0x080002bf   Thumb Code     0  libinit2.o(.ARM.Collect$$libinit$$00000027)
    __rt_lib_shutdown                        0x080002c1   Thumb Code     0  libshutdown.o(.ARM.Collect$$libshutdown$$00000000)
    __rt_lib_shutdown_cpp_1                  0x080002c3   Thumb Code     0  libshutdown2.o(.ARM.Collect$$libshutdown$$00000002)
    __rt_lib_shutdown_fp_trap_1              0x080002c3   Thumb Code     0  libshutdown2.o(.ARM.Collect$$libshutdown$$00000007)
    __rt_lib_shutdown_heap_1                 0x080002c3   Thumb Code     0  libshutdown2.o(.ARM.Collect$$libshutdown$$0000000F)
    __rt_lib_shutdown_return                 0x080002c3   Thumb Code     0  libshutdown2.o(.ARM.Collect$$libshutdown$$00000010)
    __rt_lib_shutdown_signal_1               0x080002c3   Thumb Code     0  libshutdown2.o(.ARM.Collect$$libshutdown$$0000000A)
    __rt_lib_shutdown_stdio_1                0x080002c3   Thumb Code     0  libshutdown2.o(.ARM.Collect$$libshutdown$$00000004)
    __rt_lib_shutdown_user_alloc_1           0x080002c3   Thumb Code     0  libshutdown2.o(.ARM.Collect$$libshutdown$$0000000C)
    __rt_entry                               0x080002c5   Thumb Code     0  __rtentry.o(.ARM.Collect$$rtentry$$00000000)
    __rt_entry_presh_1                       0x080002c5   Thumb Code     0  __rtentry2.o(.ARM.Collect$$rtentry$$00000002)
    __rt_entry_sh                            0x080002c5   Thumb Code     0  __rtentry4.o(.ARM.Collect$$rtentry$$00000004)
    __rt_entry_li                            0x080002cb   Thumb Code     0  __rtentry2.o(.ARM.Collect$$rtentry$$0000000A)
    __rt_entry_postsh_1                      0x080002cb   Thumb Code     0  __rtentry2.o(.ARM.Collect$$rtentry$$00000009)
    __rt_entry_main                          0x080002cf   Thumb Code     0  __rtentry2.o(.ARM.Collect$$rtentry$$0000000D)
    __rt_entry_postli_1                      0x080002cf   Thumb Code     0  __rtentry2.o(.ARM.Collect$$rtentry$$0000000C)
    __rt_exit                                0x080002d7   Thumb Code     0  rtexit.o(.ARM.Collect$$rtexit$$00000000)
    __rt_exit_ls                             0x080002d9   Thumb Code     0  rtexit2.o(.ARM.Collect$$rtexit$$00000003)
    __rt_exit_prels_1                        0x080002d9   Thumb Code     0  rtexit2.o(.ARM.Collect$$rtexit$$00000002)
    __rt_exit_exit                           0x080002dd   Thumb Code     0  rtexit2.o(.ARM.Collect$$rtexit$$00000004)
    Reset_Handler                            0x080002e5   Thumb Code    62  startup_stm32l476xx.o(.text)
    NMI_Handler                              0x08000323   Thumb Code     2  startup_stm32l476xx.o(.text)
    HardFault_Handler                        0x08000325   Thumb Code     2  startup_stm32l476xx.o(.text)
    MemManage_Handler                        0x08000327   Thumb Code     2  startup_stm32l476xx.o(.text)
    BusFault_Handler                         0x08000329   Thumb Code     2  startup_stm32l476xx.o(.text)
    UsageFault_Handler                       0x0800032b   Thumb Code     2  startup_stm32l476xx.o(.text)
    SVC_Handler                              0x0800032d   Thumb Code     2  startup_stm32l476xx.o(.text)
    DebugMon_Handler                         0x0800032f   Thumb Code     2  startup_stm32l476xx.o(.text)
    PendSV_Handler                           0x08000331   Thumb Code     2  startup_stm32l476xx.o(.text)
    ADC1_2_IRQHandler                        0x08000335   Thumb Code     0  startup_stm32l476xx.o(.text)
    ADC3_IRQHandler                          0x08000335   Thumb Code     0  startup_stm32l476xx.o(.text)
    CAN1_RX0_IRQHandler                      0x08000335   Thumb Code     0  startup_stm32l476xx.o(.text)
    CAN1_RX1_IRQHandler                      0x08000335   Thumb Code     0  startup_stm32l476xx.o(.text)
    CAN1_SCE_IRQHandler                      0x08000335   Thumb Code     0  startup_stm32l476xx.o(.text)
    CAN1_TX_IRQHandler                       0x08000335   Thumb Code     0  startup_stm32l476xx.o(.text)
    COMP_IRQHandler                          0x08000335   Thumb Code     0  startup_stm32l476xx.o(.text)
    DFSDM0_IRQHandler                        0x08000335   Thumb Code     0  startup_stm32l476xx.o(.text)
    DFSDM1_IRQHandler                        0x08000335   Thumb Code     0  startup_stm32l476xx.o(.text)
    DFSDM2_IRQHandler                        0x08000335   Thumb Code     0  startup_stm32l476xx.o(.text)
    DFSDM3_IRQHandler                        0x08000335   Thumb Code     0  startup_stm32l476xx.o(.text)
    DMA1_Channel1_IRQHandler                 0x08000335   Thumb Code     0  startup_stm32l476xx.o(.text)
    DMA1_Channel2_IRQHandler                 0x08000335   Thumb Code     0  startup_stm32l476xx.o(.text)
    DMA1_Channel3_IRQHandler                 0x08000335   Thumb Code     0  startup_stm32l476xx.o(.text)
    DMA1_Channel4_IRQHandler                 0x08000335   Thumb Code     0  startup_stm32l476xx.o(.text)
    DMA1_Channel5_IRQHandler                 0x08000335   Thumb Code     0  startup_stm32l476xx.o(.text)
    DMA1_Channel6_IRQHandler                 0x08000335   Thumb Code     0  startup_stm32l476xx.o(.text)
    DMA1_Channel7_IRQHandler                 0x08000335   Thumb Code     0  startup_stm32l476xx.o(.text)
    DMA2_Channel1_IRQHandler                 0x08000335   Thumb Code     0  startup_stm32l476xx.o(.text)
    DMA2_Channel2_IRQHandler                 0x08000335   Thumb Code     0  startup_stm32l476xx.o(.text)
    DMA2_Channel3_IRQHandler                 0x08000335   Thumb Code     0  startup_stm32l476xx.o(.text)
    DMA2_Channel4_IRQHandler                 0x08000335   Thumb Code     0  startup_stm32l476xx.o(.text)
    DMA2_Channel5_IRQHandler                 0x08000335   Thumb Code     0  startup_stm32l476xx.o(.text)
    DMA2_Channel6_IRQHandler                 0x08000335   Thumb Code     0  startup_stm32l476xx.o(.text)
    DMA2_Channel7_IRQHandler                 0x08000335   Thumb Code     0  startup_stm32l476xx.o(.text)
    EXTI0_IRQHandler                         0x08000335   Thumb Code     0  startup_stm32l476xx.o(.text)
    EXTI15_10_IRQHandler                     0x08000335   Thumb Code     0  startup_stm32l476xx.o(.text)
    EXTI1_IRQHandler                         0x08000335   Thumb Code     0  startup_stm32l476xx.o(.text)
    EXTI2_IRQHandler                         0x08000335   Thumb Code     0  startup_stm32l476xx.o(.text)
    EXTI3_IRQHandler                         0x08000335   Thumb Code     0  startup_stm32l476xx.o(.text)
    EXTI4_IRQHandler                         0x08000335   Thumb Code     0  startup_stm32l476xx.o(.text)
    EXTI9_5_IRQHandler                       0x08000335   Thumb Code     0  startup_stm32l476xx.o(.text)
    FLASH_IRQHandler                         0x08000335   Thumb Code     0  startup_stm32l476xx.o(.text)
    FMC_IRQHandler                           0x08000335   Thumb Code     0  startup_stm32l476xx.o(.text)
    FPU_IRQHandler                           0x08000335   Thumb Code     0  startup_stm32l476xx.o(.text)
    I2C1_ER_IRQHandler                       0x08000335   Thumb Code     0  startup_stm32l476xx.o(.text)
    I2C1_EV_IRQHandler                       0x08000335   Thumb Code     0  startup_stm32l476xx.o(.text)
    I2C2_ER_IRQHandler                       0x08000335   Thumb Code     0  startup_stm32l476xx.o(.text)
    I2C2_EV_IRQHandler                       0x08000335   Thumb Code     0  startup_stm32l476xx.o(.text)
    I2C3_ER_IRQHandler                       0x08000335   Thumb Code     0  startup_stm32l476xx.o(.text)
    I2C3_EV_IRQHandler                       0x08000335   Thumb Code     0  startup_stm32l476xx.o(.text)
    LCD_IRQHandler                           0x08000335   Thumb Code     0  startup_stm32l476xx.o(.text)
    LPTIM1_IRQHandler                        0x08000335   Thumb Code     0  startup_stm32l476xx.o(.text)
    LPTIM2_IRQHandler                        0x08000335   Thumb Code     0  startup_stm32l476xx.o(.text)
    LPUART1_IRQHandler                       0x08000335   Thumb Code     0  startup_stm32l476xx.o(.text)
    OTG_FS_IRQHandler                        0x08000335   Thumb Code     0  startup_stm32l476xx.o(.text)
    PVD_PVM_IRQHandler                       0x08000335   Thumb Code     0  startup_stm32l476xx.o(.text)
    QUADSPI_IRQHandler                       0x08000335   Thumb Code     0  startup_stm32l476xx.o(.text)
    RCC_IRQHandler                           0x08000335   Thumb Code     0  startup_stm32l476xx.o(.text)
    RNG_IRQHandler                           0x08000335   Thumb Code     0  startup_stm32l476xx.o(.text)
    RTC_Alarm_IRQHandler                     0x08000335   Thumb Code     0  startup_stm32l476xx.o(.text)
    RTC_WKUP_IRQHandler                      0x08000335   Thumb Code     0  startup_stm32l476xx.o(.text)
    SAI1_IRQHandler                          0x08000335   Thumb Code     0  startup_stm32l476xx.o(.text)
    SAI2_IRQHandler                          0x08000335   Thumb Code     0  startup_stm32l476xx.o(.text)
    SDMMC1_IRQHandler                        0x08000335   Thumb Code     0  startup_stm32l476xx.o(.text)
    SPI1_IRQHandler                          0x08000335   Thumb Code     0  startup_stm32l476xx.o(.text)
    SPI2_IRQHandler                          0x08000335   Thumb Code     0  startup_stm32l476xx.o(.text)
    SPI3_IRQHandler                          0x08000335   Thumb Code     0  startup_stm32l476xx.o(.text)
    SWPMI1_IRQHandler                        0x08000335   Thumb Code     0  startup_stm32l476xx.o(.text)
    TAMP_STAMP_IRQHandler                    0x08000335   Thumb Code     0  startup_stm32l476xx.o(.text)
    TIM1_BRK_TIM15_IRQHandler                0x08000335   Thumb Code     0  startup_stm32l476xx.o(.text)
    TIM1_CC_IRQHandler                       0x08000335   Thumb Code     0  startup_stm32l476xx.o(.text)
    TIM1_TRG_COM_TIM17_IRQHandler            0x08000335   Thumb Code     0  startup_stm32l476xx.o(.text)
    TIM1_UP_TIM16_IRQHandler                 0x08000335   Thumb Code     0  startup_stm32l476xx.o(.text)
    TIM2_IRQHandler                          0x08000335   Thumb Code     0  startup_stm32l476xx.o(.text)
    TIM3_IRQHandler                          0x08000335   Thumb Code     0  startup_stm32l476xx.o(.text)
    TIM4_IRQHandler                          0x08000335   Thumb Code     0  startup_stm32l476xx.o(.text)
    TIM5_IRQHandler                          0x08000335   Thumb Code     0  startup_stm32l476xx.o(.text)
    TIM6_DAC_IRQHandler                      0x08000335   Thumb Code     0  startup_stm32l476xx.o(.text)
    TIM7_IRQHandler                          0x08000335   Thumb Code     0  startup_stm32l476xx.o(.text)
    TIM8_BRK_IRQHandler                      0x08000335   Thumb Code     0  startup_stm32l476xx.o(.text)
    TIM8_CC_IRQHandler                       0x08000335   Thumb Code     0  startup_stm32l476xx.o(.text)
    TIM8_TRG_COM_IRQHandler                  0x08000335   Thumb Code     0  startup_stm32l476xx.o(.text)
    TIM8_UP_IRQHandler                       0x08000335   Thumb Code     0  startup_stm32l476xx.o(.text)
    TSC_IRQHandler                           0x08000335   Thumb Code     0  startup_stm32l476xx.o(.text)
    UART4_IRQHandler                         0x08000335   Thumb Code     0  startup_stm32l476xx.o(.text)
    UART5_IRQHandler                         0x08000335   Thumb Code     0  startup_stm32l476xx.o(.text)
    USART1_IRQHandler                        0x08000335   Thumb Code     0  startup_stm32l476xx.o(.text)
    USART2_IRQHandler                        0x08000335   Thumb Code     0  startup_stm32l476xx.o(.text)
    USART3_IRQHandler                        0x08000335   Thumb Code     0  startup_stm32l476xx.o(.text)
    WWDG_IRQHandler                          0x08000335   Thumb Code     0  startup_stm32l476xx.o(.text)
    __user_initial_stackheap                 0x08000339   Thumb Code     0  startup_stm32l476xx.o(.text)
    printf                                   0x08000371   Thumb Code    20  printf.o(.text)
    scanf                                    0x08000389   Thumb Code    26  scanf.o(.text)
    __use_two_region_memory                  0x080003a9   Thumb Code     2  heapauxi.o(.text)
    __rt_heap_escrow$2region                 0x080003ab   Thumb Code     2  heapauxi.o(.text)
    __rt_heap_expand$2region                 0x080003ad   Thumb Code     2  heapauxi.o(.text)
    _printf_pre_padding                      0x080003af   Thumb Code    44  _printf_pad.o(.text)
    _printf_post_padding                     0x080003db   Thumb Code    34  _printf_pad.o(.text)
    _printf_truncate_signed                  0x080003fd   Thumb Code    18  _printf_truncate.o(.text)
    _printf_truncate_unsigned                0x0800040f   Thumb Code    18  _printf_truncate.o(.text)
    _printf_str                              0x08000421   Thumb Code    82  _printf_str.o(.text)
    _printf_int_dec                          0x08000475   Thumb Code   104  _printf_dec.o(.text)
    _printf_charcount                        0x080004ed   Thumb Code    40  _printf_charcount.o(.text)
    _printf_char_file                        0x08000515   Thumb Code    32  _printf_char_file.o(.text)
    _printf_wctomb                           0x08000539   Thumb Code   182  _printf_wctomb.o(.text)
    _printf_longlong_dec                     0x080005fd   Thumb Code   108  _printf_longlong_dec.o(.text)
    _printf_longlong_oct                     0x08000679   Thumb Code    68  _printf_oct_int_ll.o(.text)
    _printf_int_oct                          0x080006bd   Thumb Code    24  _printf_oct_int_ll.o(.text)
    _printf_ll_oct                           0x080006d5   Thumb Code    12  _printf_oct_int_ll.o(.text)
    _printf_longlong_hex                     0x080006e9   Thumb Code    86  _printf_hex_int_ll_ptr.o(.text)
    _printf_int_hex                          0x0800073f   Thumb Code    28  _printf_hex_int_ll_ptr.o(.text)
    _printf_ll_hex                           0x0800075b   Thumb Code    12  _printf_hex_int_ll_ptr.o(.text)
    _printf_hex_ptr                          0x08000767   Thumb Code    18  _printf_hex_int_ll_ptr.o(.text)
    __printf                                 0x0800077d   Thumb Code   388  __printf_flags_ss_wp.o(.text)
    _scanf_longlong                          0x0800090b   Thumb Code   342  _scanf_longlong.o(.text)
    _scanf_int                               0x08000a67   Thumb Code   332  _scanf_int.o(.text)
    _scanf_string                            0x08000bb9   Thumb Code   224  _scanf_str.o(.text)
    __vfscanf_char_file                      0x08000ca1   Thumb Code    16  scanf_char_file.o(.text)
    _scanf_mbtowc                            0x08000cb9   Thumb Code   276  _scanf_mbtowc.o(.text)
    _scanf_wctomb                            0x08000dd3   Thumb Code   232  _scanf_wctomb.o(.text)
    _scanf_wstring                           0x08000ec1   Thumb Code   208  _scanf_wstr.o(.text)
    _ll_udiv10                               0x08000f97   Thumb Code   138  lludiv10.o(.text)
    _printf_int_common                       0x08001021   Thumb Code   178  _printf_intcommon.o(.text)
    _printf_fp_dec_real                      0x08001283   Thumb Code   620  _printf_fp_dec.o(.text)
    _printf_fp_hex_real                      0x080014f5   Thumb Code   756  _printf_fp_hex.o(.text)
    _printf_char_common                      0x08001803   Thumb Code    32  _printf_char_common.o(.text)
    _printf_cs_common                        0x08001829   Thumb Code    20  _printf_char.o(.text)
    _printf_char                             0x0800183d   Thumb Code    16  _printf_char.o(.text)
    _printf_string                           0x0800184d   Thumb Code     8  _printf_char.o(.text)
    _printf_lcs_common                       0x08001855   Thumb Code    20  _printf_wchar.o(.text)
    _printf_wchar                            0x08001869   Thumb Code    16  _printf_wchar.o(.text)
    _printf_wstring                          0x08001879   Thumb Code     8  _printf_wchar.o(.text)
    _chval                                   0x08001881   Thumb Code    28  _chval.o(.text)
    _scanf_really_real                       0x08001ae9   Thumb Code   684  scanf_fp.o(.text)
    __vfscanf_char                           0x08001db1   Thumb Code    24  scanf_char.o(.text)
    _scanf_wcharmap                          0x08001dd1   Thumb Code    30  _scanf_wcharmap.o(.text)
    ___backspace$unlocked                    0x08001def   Thumb Code     2  backspace.o(.text)
    __backspace                              0x08001df1   Thumb Code    70  backspace.o(.text)
    ferror                                   0x08001e37   Thumb Code     8  ferror.o(.text)
    _mbrtoc16                                0x08001e3f   Thumb Code    64  _mbrtoc16.o(.text)
    _mbrtowc                                 0x08001e3f   Thumb Code     0  _mbrtoc16.o(.text)
    _c16rtomb                                0x08001e7f   Thumb Code    72  _c16rtomb.o(.text)
    _wcrtomb                                 0x08001e7f   Thumb Code     0  _c16rtomb.o(.text)
    __user_setup_stackheap                   0x08001ec7   Thumb Code    74  sys_stackheap_outer.o(.text)
    __rt_ctype_table                         0x08001f11   Thumb Code    16  rt_ctype_table.o(.text)
    __rt_locale                              0x08001f21   Thumb Code     8  rt_locale_intlibspace.o(.text)
    __aeabi_errno_addr                       0x08001f29   Thumb Code     8  rt_errno_addr_intlibspace.o(.text)
    __errno$intlibspace                      0x08001f29   Thumb Code     0  rt_errno_addr_intlibspace.o(.text)
    __rt_errno_addr$intlibspace              0x08001f29   Thumb Code     0  rt_errno_addr_intlibspace.o(.text)
    __aeabi_llsl                             0x08001f31   Thumb Code     0  llshl.o(.text)
    _ll_shift_l                              0x08001f31   Thumb Code    38  llshl.o(.text)
    isspace                                  0x08001f57   Thumb Code    18  isspace.o(.text)
    _printf_fp_infnan                        0x08001f69   Thumb Code   112  _printf_fp_infnan.o(.text)
    __vfscanf                                0x08001fe9   Thumb Code   878  _scanf.o(.text)
    _btod_etento                             0x08002365   Thumb Code   224  bigflt0.o(.text)
    _ungetc_internal                         0x08002449   Thumb Code    60  ungetc.o(.text)
    ungetc                                   0x08002449   Thumb Code     0  ungetc.o(.text)
    exit                                     0x08002491   Thumb Code    18  exit.o(.text)
    __user_libspace                          0x080024a5   Thumb Code     8  libspace.o(.text)
    __user_perproc_libspace                  0x080024a5   Thumb Code     0  libspace.o(.text)
    __user_perthread_libspace                0x080024a5   Thumb Code     0  libspace.o(.text)
    __read_errno                             0x080024ad   Thumb Code    10  _rserrno.o(.text)
    __set_errno                              0x080024b7   Thumb Code    12  _rserrno.o(.text)
    _scanf_really_hex_real                   0x080024c5   Thumb Code   786  scanf_hexfp.o(.text)
    _scanf_really_infnan                     0x080027ed   Thumb Code   292  scanf_infnan.o(.text)
    strcmp                                   0x08002929   Thumb Code   124  strcmpv7em.o(.text)
    _sys_exit                                0x080029a5   Thumb Code     8  sys_exit.o(.text)
    __I$use$semihosting                      0x080029b1   Thumb Code     0  use_no_semi.o(.text)
    __use_no_semihosting_swi                 0x080029b1   Thumb Code     2  use_no_semi.o(.text)
    __semihosting_library_function           0x080029b3   Thumb Code     0  indicate_semi.o(.text)
    Init_USARTx                              0x080029b5   Thumb Code    74  main.o(.text.Init_USARTx)
    Motor_Init                               0x08002a01   Thumb Code   118  motor.o(.text.Motor_Init)
    SysTick_Handler                          0x08002a79   Thumb Code    22  systimer.o(.text.SysTick_Handler)
    SysTick_Init                             0x08002a91   Thumb Code    86  systimer.o(.text.SysTick_Init)
    System_Clock_Init                        0x08002ae9   Thumb Code   466  sysclock.o(.text.System_Clock_Init)
    UART1_GPIO_Init                          0x08002cbd   Thumb Code   130  uart.o(.text.UART1_GPIO_Init)
    UART1_Init                               0x08002d41   Thumb Code    34  uart.o(.text.UART1_Init)
    UART2_GPIO_Init                          0x08002d65   Thumb Code   120  uart.o(.text.UART2_GPIO_Init)
    UART2_Init                               0x08002ddd   Thumb Code    34  uart.o(.text.UART2_Init)
    USART_Delay                              0x08002e01   Thumb Code    50  uart.o(.text.USART_Delay)
    USART_Init                               0x08002e35   Thumb Code    76  uart.o(.text.USART_Init)
    USART_Read                               0x08002e81   Thumb Code    30  uart.o(.text.USART_Read)
    USART_Write                              0x08002ea1   Thumb Code   100  uart.o(.text.USART_Write)
    fgetc                                    0x08002f79   Thumb Code    30  uart_printf.o(.text.fgetc)
    fputc                                    0x08002f99   Thumb Code    38  uart_printf.o(.text.fputc)
    main                                     0x08002fc1   Thumb Code   106  main.o(.text.main)
    rotate                                   0x0800302d   Thumb Code   152  motor.o(.text.rotate)
    setDire                                  0x080030c5   Thumb Code    42  motor.o(.text.setDire)
    _btod_d2e                                0x080030ef   Thumb Code    62  btod.o(CL$$btod_d2e)
    _d2e_denorm_low                          0x0800312d   Thumb Code    70  btod.o(CL$$btod_d2e_denorm_low)
    _d2e_norm_op1                            0x08003173   Thumb Code    96  btod.o(CL$$btod_d2e_norm_op1)
    __btod_div_common                        0x080031d5   Thumb Code   696  btod.o(CL$$btod_div_common)
    _e2d                                     0x0800350d   Thumb Code   122  btod.o(CL$$btod_e2d)
    _e2e                                     0x08003591   Thumb Code   220  btod.o(CL$$btod_e2e)
    _btod_ediv                               0x0800366d   Thumb Code    42  btod.o(CL$$btod_ediv)
    _btod_edivd                              0x08003697   Thumb Code    42  btod.o(CL$$btod_edivd)
    _btod_emul                               0x080036c1   Thumb Code    42  btod.o(CL$$btod_emul)
    _btod_emuld                              0x080036eb   Thumb Code    42  btod.o(CL$$btod_emuld)
    __btod_mult_common                       0x08003715   Thumb Code   580  btod.o(CL$$btod_mult_common)
    __ARM_fpclassify                         0x08003959   Thumb Code    48  fpclassify.o(i.__ARM_fpclassify)
    __hardfp___mathlib_tofloat               0x08003989   Thumb Code   232  narrow.o(i.__hardfp___mathlib_tofloat)
    __hardfp_ldexp                           0x08003a81   Thumb Code   200  ldexp.o(i.__hardfp_ldexp)
    __mathlib_dbl_overflow                   0x08003b51   Thumb Code    24  dunder.o(i.__mathlib_dbl_overflow)
    __mathlib_dbl_underflow                  0x08003b71   Thumb Code    24  dunder.o(i.__mathlib_dbl_underflow)
    __mathlib_narrow                         0x08003b91   Thumb Code    18  narrow.o(i.__mathlib_narrow)
    __support_ldexp                          0x08003ba3   Thumb Code    20  ldexp.o(i.__support_ldexp)
    _is_digit                                0x08003bb7   Thumb Code    14  __printf_wp.o(i._is_digit)
    frexp                                    0x08003bc9   Thumb Code   118  frexp.o(i.frexp)
    _get_lc_numeric                          0x08003c55   Thumb Code    44  lc_numeric_c.o(locale$$code)
    _get_lc_ctype                            0x08003c81   Thumb Code    44  lc_ctype_c.o(locale$$code)
    __aeabi_d2f                              0x08003cad   Thumb Code     0  d2f.o(x$fpl$d2f)
    _d2f                                     0x08003cad   Thumb Code    98  d2f.o(x$fpl$d2f)
    __fpl_dcheck_NaN1                        0x08003d11   Thumb Code    10  dcheck1.o(x$fpl$dcheck1)
    __fpl_dcmp_Inf                           0x08003d21   Thumb Code    24  dcmpi.o(x$fpl$dcmpinf)
    __aeabi_cdcmpeq                          0x08003d39   Thumb Code     0  deqf.o(x$fpl$deqf)
    _dcmpeq                                  0x08003d39   Thumb Code   120  deqf.o(x$fpl$deqf)
    __aeabi_cdcmple                          0x08003db1   Thumb Code     0  dleqf.o(x$fpl$dleqf)
    _dcmple                                  0x08003db1   Thumb Code   120  dleqf.o(x$fpl$dleqf)
    __fpl_dcmple_InfNaN                      0x08003e13   Thumb Code     0  dleqf.o(x$fpl$dleqf)
    __aeabi_dmul                             0x08003e29   Thumb Code     0  dmul.o(x$fpl$dmul)
    _dmul                                    0x08003e29   Thumb Code   332  dmul.o(x$fpl$dmul)
    __fpl_dnaninf                            0x08003f7d   Thumb Code   156  dnaninf.o(x$fpl$dnaninf)
    __fpl_dretinf                            0x08004019   Thumb Code    12  dretinf.o(x$fpl$dretinf)
    __aeabi_cdrcmple                         0x08004025   Thumb Code     0  drleqf.o(x$fpl$drleqf)
    _drcmple                                 0x08004025   Thumb Code   108  drleqf.o(x$fpl$drleqf)
    _fp_init                                 0x08004091   Thumb Code    26  fpinit.o(x$fpl$fpinit)
    __fplib_config_fpu_vfp                   0x080040a9   Thumb Code     0  fpinit.o(x$fpl$fpinit)
    __fplib_config_pureend_doubles           0x080040a9   Thumb Code     0  fpinit.o(x$fpl$fpinit)
    __fpl_fretinf                            0x080040ab   Thumb Code    10  fretinf.o(x$fpl$fretinf)
    __ieee_status                            0x080040b5   Thumb Code     6  istatus.o(x$fpl$ieeestatus)
    _printf_fp_dec                           0x080040bb   Thumb Code     4  printf1.o(x$fpl$printf1)
    _printf_fp_hex                           0x080040bf   Thumb Code     4  printf2.o(x$fpl$printf2)
    __fpl_return_NaN                         0x080040c3   Thumb Code   100  retnan.o(x$fpl$retnan)
    __ARM_scalbn                             0x08004127   Thumb Code    92  scalbn.o(x$fpl$scalbn)
    _scanf_real                              0x08004183   Thumb Code     4  scanf1.o(x$fpl$scanf1)
    _scanf_hex_real                          0x08004187   Thumb Code     4  scanf2.o(x$fpl$scanf2)
    _scanf_infnan                            0x0800418b   Thumb Code     4  scanf2.o(x$fpl$scanf2)
    __fpl_cmpreturn                          0x0800418f   Thumb Code    48  trapv.o(x$fpl$trapveneer)
    __I$use$fp                               0x080041be   Number         0  usenofp.o(x$fpl$usenofp)
    Region$$Table$$Base                      0x08004300   Number         0  anon$$obj.o(Region$$Table)
    Region$$Table$$Limit                     0x08004310   Number         0  anon$$obj.o(Region$$Table)
    __aeabi_HUGE_VAL                         0x08004310   Data           0  fpconst.o(c$$dinf)
    __aeabi_HUGE_VALL                        0x08004310   Data           0  fpconst.o(c$$dinf)
    __aeabi_INFINITY                         0x08004310   Data           0  fpconst.o(c$$dinf)
    __dInf                                   0x08004310   Data           0  fpconst.o(c$$dinf)
    __huge_val                               0x08004310   Data           0  fpconst.o(c$$dinf)
    __dbl_max                                0x08004318   Data           0  fpconst.o(c$$dmax)
    __ctype                                  0x08004349   Data           0  lc_ctype_c.o(locale$$data)
    Image$$ER_IROM1$$RO$$Limit               0x0800444c   Number         0  anon$$obj.o ABSOLUTE
    Image$$ER_IROM1$$RW$$Base                0x0800444c   Number         0  anon$$obj.o ABSOLUTE
    Image$$ER_IROM1$$RW$$Limit               0x0800444c   Number         0  anon$$obj.o ABSOLUTE
    Image$$ER_IROM1$$ZI$$Base                0x0800444c   Number         0  anon$$obj.o ABSOLUTE
    Image$$ER_IROM1$$ZI$$Limit               0x0800444c   Number         0  anon$$obj.o ABSOLUTE
    Load$$RW_IRAM1$$Base                     0x0800444c   Number         0  anon$$obj.o ABSOLUTE
    Image$$RW_IRAM1$$Base                    0x20000000   Number         0  anon$$obj.o ABSOLUTE
    Image$$RW_IRAM1$$Limit                   0x20000000   Number         0  anon$$obj.o ABSOLUTE
    Image$$RW_IRAM1$$RO$$Base                0x20000000   Number         0  anon$$obj.o ABSOLUTE
    Image$$RW_IRAM1$$RW$$Base                0x20000000   Number         0  anon$$obj.o ABSOLUTE
    Image$$RW_IRAM1$$RW$$Limit               0x20000000   Number         0  anon$$obj.o ABSOLUTE
    Image$$RW_IRAM1$$ZI$$Base                0x20000000   Number         0  anon$$obj.o ABSOLUTE
    __libspace_start                         0x20000000   Data          96  libspace.o(.bss)
    __stdin                                  0x20000060   Data          84  uart_printf.o(.bss.__stdin)
    __temporary_stack_top$libspace           0x20000060   Data           0  libspace.o(.bss)
    __stdout                                 0x200000b4   Data          84  uart_printf.o(.bss.__stdout)
    Image$$RW_IRAM1$$ZI$$Limit               0x20000718   Number         0  anon$$obj.o ABSOLUTE



==============================================================================

Memory Map of the image

  Image Entry point : 0x08000189

  Load Region LR_IROM1 (Base: 0x08000000, Size: 0x0000444c, Max: 0x00100000, ABSOLUTE)

    Execution Region ER_IROM1 (Exec base: 0x08000000, Load base: 0x08000000, Size: 0x0000444c, Max: 0x00100000, ABSOLUTE)

    Exec Addr    Load Addr    Size         Type   Attr      Idx    E Section Name        Object

    0x08000000   0x08000000   0x00000188   Data   RO           16    RESET               startup_stm32l476xx.o
    0x08000188   0x08000188   0x00000008   Code   RO          110  * !!!main             c_w.l(__main.o)
    0x08000190   0x08000190   0x0000005c   Code   RO          589    !!!scatter          c_w.l(__scatter.o)
    0x080001ec   0x080001ec   0x00000002   Code   RO          590    !!handler_null      c_w.l(__scatter.o)
    0x080001ee   0x080001ee   0x00000002   PAD
    0x080001f0   0x080001f0   0x0000001c   Code   RO          593    !!handler_zi        c_w.l(__scatter_zi.o)
    0x0800020c   0x0800020c   0x00000000   Code   RO          192    .ARM.Collect$$_printf_percent$$00000000  c_w.l(_printf_percent.o)
    0x0800020c   0x0800020c   0x00000006   Code   RO          181    .ARM.Collect$$_printf_percent$$00000001  c_w.l(_printf_n.o)
    0x08000212   0x08000212   0x00000006   Code   RO          183    .ARM.Collect$$_printf_percent$$00000002  c_w.l(_printf_p.o)
    0x08000218   0x08000218   0x00000006   Code   RO          188    .ARM.Collect$$_printf_percent$$00000003  c_w.l(_printf_f.o)
    0x0800021e   0x0800021e   0x00000006   Code   RO          189    .ARM.Collect$$_printf_percent$$00000004  c_w.l(_printf_e.o)
    0x08000224   0x08000224   0x00000006   Code   RO          190    .ARM.Collect$$_printf_percent$$00000005  c_w.l(_printf_g.o)
    0x0800022a   0x0800022a   0x00000006   Code   RO          191    .ARM.Collect$$_printf_percent$$00000006  c_w.l(_printf_a.o)
    0x08000230   0x08000230   0x0000000a   Code   RO          196    .ARM.Collect$$_printf_percent$$00000007  c_w.l(_printf_ll.o)
    0x0800023a   0x0800023a   0x00000006   Code   RO          185    .ARM.Collect$$_printf_percent$$00000008  c_w.l(_printf_i.o)
    0x08000240   0x08000240   0x00000006   Code   RO          186    .ARM.Collect$$_printf_percent$$00000009  c_w.l(_printf_d.o)
    0x08000246   0x08000246   0x00000006   Code   RO          187    .ARM.Collect$$_printf_percent$$0000000A  c_w.l(_printf_u.o)
    0x0800024c   0x0800024c   0x00000006   Code   RO          184    .ARM.Collect$$_printf_percent$$0000000B  c_w.l(_printf_o.o)
    0x08000252   0x08000252   0x00000006   Code   RO          182    .ARM.Collect$$_printf_percent$$0000000C  c_w.l(_printf_x.o)
    0x08000258   0x08000258   0x00000006   Code   RO          193    .ARM.Collect$$_printf_percent$$0000000D  c_w.l(_printf_lli.o)
    0x0800025e   0x0800025e   0x00000006   Code   RO          194    .ARM.Collect$$_printf_percent$$0000000E  c_w.l(_printf_lld.o)
    0x08000264   0x08000264   0x00000006   Code   RO          195    .ARM.Collect$$_printf_percent$$0000000F  c_w.l(_printf_llu.o)
    0x0800026a   0x0800026a   0x00000006   Code   RO          200    .ARM.Collect$$_printf_percent$$00000010  c_w.l(_printf_llo.o)
    0x08000270   0x08000270   0x00000006   Code   RO          201    .ARM.Collect$$_printf_percent$$00000011  c_w.l(_printf_llx.o)
    0x08000276   0x08000276   0x0000000a   Code   RO          197    .ARM.Collect$$_printf_percent$$00000012  c_w.l(_printf_l.o)
    0x08000280   0x08000280   0x00000006   Code   RO          179    .ARM.Collect$$_printf_percent$$00000013  c_w.l(_printf_c.o)
    0x08000286   0x08000286   0x00000006   Code   RO          180    .ARM.Collect$$_printf_percent$$00000014  c_w.l(_printf_s.o)
    0x0800028c   0x0800028c   0x00000006   Code   RO          198    .ARM.Collect$$_printf_percent$$00000015  c_w.l(_printf_lc.o)
    0x08000292   0x08000292   0x00000006   Code   RO          199    .ARM.Collect$$_printf_percent$$00000016  c_w.l(_printf_ls.o)
    0x08000298   0x08000298   0x00000004   Code   RO          258    .ARM.Collect$$_printf_percent$$00000017  c_w.l(_printf_percent_end.o)
    0x0800029c   0x0800029c   0x00000002   Code   RO          349    .ARM.Collect$$libinit$$00000000  c_w.l(libinit.o)
    0x0800029e   0x0800029e   0x00000004   Code   RO          391    .ARM.Collect$$libinit$$00000001  c_w.l(libinit2.o)
    0x080002a2   0x080002a2   0x00000000   Code   RO          394    .ARM.Collect$$libinit$$00000004  c_w.l(libinit2.o)
    0x080002a2   0x080002a2   0x00000000   Code   RO          396    .ARM.Collect$$libinit$$00000006  c_w.l(libinit2.o)
    0x080002a2   0x080002a2   0x00000000   Code   RO          399    .ARM.Collect$$libinit$$0000000C  c_w.l(libinit2.o)
    0x080002a2   0x080002a2   0x00000000   Code   RO          401    .ARM.Collect$$libinit$$0000000E  c_w.l(libinit2.o)
    0x080002a2   0x080002a2   0x00000000   Code   RO          403    .ARM.Collect$$libinit$$00000010  c_w.l(libinit2.o)
    0x080002a2   0x080002a2   0x00000006   Code   RO          404    .ARM.Collect$$libinit$$00000011  c_w.l(libinit2.o)
    0x080002a8   0x080002a8   0x00000000   Code   RO          406    .ARM.Collect$$libinit$$00000013  c_w.l(libinit2.o)
    0x080002a8   0x080002a8   0x0000000c   Code   RO          407    .ARM.Collect$$libinit$$00000014  c_w.l(libinit2.o)
    0x080002b4   0x080002b4   0x00000000   Code   RO          408    .ARM.Collect$$libinit$$00000015  c_w.l(libinit2.o)
    0x080002b4   0x080002b4   0x00000000   Code   RO          410    .ARM.Collect$$libinit$$00000017  c_w.l(libinit2.o)
    0x080002b4   0x080002b4   0x0000000a   Code   RO          411    .ARM.Collect$$libinit$$00000018  c_w.l(libinit2.o)
    0x080002be   0x080002be   0x00000000   Code   RO          412    .ARM.Collect$$libinit$$00000019  c_w.l(libinit2.o)
    0x080002be   0x080002be   0x00000000   Code   RO          414    .ARM.Collect$$libinit$$0000001B  c_w.l(libinit2.o)
    0x080002be   0x080002be   0x00000000   Code   RO          416    .ARM.Collect$$libinit$$0000001D  c_w.l(libinit2.o)
    0x080002be   0x080002be   0x00000000   Code   RO          418    .ARM.Collect$$libinit$$0000001F  c_w.l(libinit2.o)
    0x080002be   0x080002be   0x00000000   Code   RO          420    .ARM.Collect$$libinit$$00000021  c_w.l(libinit2.o)
    0x080002be   0x080002be   0x00000000   Code   RO          422    .ARM.Collect$$libinit$$00000023  c_w.l(libinit2.o)
    0x080002be   0x080002be   0x00000000   Code   RO          424    .ARM.Collect$$libinit$$00000025  c_w.l(libinit2.o)
    0x080002be   0x080002be   0x00000000   Code   RO          426    .ARM.Collect$$libinit$$00000027  c_w.l(libinit2.o)
    0x080002be   0x080002be   0x00000000   Code   RO          430    .ARM.Collect$$libinit$$0000002E  c_w.l(libinit2.o)
    0x080002be   0x080002be   0x00000000   Code   RO          432    .ARM.Collect$$libinit$$00000030  c_w.l(libinit2.o)
    0x080002be   0x080002be   0x00000000   Code   RO          434    .ARM.Collect$$libinit$$00000032  c_w.l(libinit2.o)
    0x080002be   0x080002be   0x00000000   Code   RO          436    .ARM.Collect$$libinit$$00000034  c_w.l(libinit2.o)
    0x080002be   0x080002be   0x00000002   Code   RO          437    .ARM.Collect$$libinit$$00000035  c_w.l(libinit2.o)
    0x080002c0   0x080002c0   0x00000002   Code   RO          491    .ARM.Collect$$libshutdown$$00000000  c_w.l(libshutdown.o)
    0x080002c2   0x080002c2   0x00000000   Code   RO          524    .ARM.Collect$$libshutdown$$00000002  c_w.l(libshutdown2.o)
    0x080002c2   0x080002c2   0x00000000   Code   RO          526    .ARM.Collect$$libshutdown$$00000004  c_w.l(libshutdown2.o)
    0x080002c2   0x080002c2   0x00000000   Code   RO          529    .ARM.Collect$$libshutdown$$00000007  c_w.l(libshutdown2.o)
    0x080002c2   0x080002c2   0x00000000   Code   RO          532    .ARM.Collect$$libshutdown$$0000000A  c_w.l(libshutdown2.o)
    0x080002c2   0x080002c2   0x00000000   Code   RO          534    .ARM.Collect$$libshutdown$$0000000C  c_w.l(libshutdown2.o)
    0x080002c2   0x080002c2   0x00000000   Code   RO          537    .ARM.Collect$$libshutdown$$0000000F  c_w.l(libshutdown2.o)
    0x080002c2   0x080002c2   0x00000002   Code   RO          538    .ARM.Collect$$libshutdown$$00000010  c_w.l(libshutdown2.o)
    0x080002c4   0x080002c4   0x00000000   Code   RO          112    .ARM.Collect$$rtentry$$00000000  c_w.l(__rtentry.o)
    0x080002c4   0x080002c4   0x00000000   Code   RO          227    .ARM.Collect$$rtentry$$00000002  c_w.l(__rtentry2.o)
    0x080002c4   0x080002c4   0x00000006   Code   RO          239    .ARM.Collect$$rtentry$$00000004  c_w.l(__rtentry4.o)
    0x080002ca   0x080002ca   0x00000000   Code   RO          229    .ARM.Collect$$rtentry$$00000009  c_w.l(__rtentry2.o)
    0x080002ca   0x080002ca   0x00000004   Code   RO          230    .ARM.Collect$$rtentry$$0000000A  c_w.l(__rtentry2.o)
    0x080002ce   0x080002ce   0x00000000   Code   RO          232    .ARM.Collect$$rtentry$$0000000C  c_w.l(__rtentry2.o)
    0x080002ce   0x080002ce   0x00000008   Code   RO          233    .ARM.Collect$$rtentry$$0000000D  c_w.l(__rtentry2.o)
    0x080002d6   0x080002d6   0x00000002   Code   RO          376    .ARM.Collect$$rtexit$$00000000  c_w.l(rtexit.o)
    0x080002d8   0x080002d8   0x00000000   Code   RO          451    .ARM.Collect$$rtexit$$00000002  c_w.l(rtexit2.o)
    0x080002d8   0x080002d8   0x00000004   Code   RO          452    .ARM.Collect$$rtexit$$00000003  c_w.l(rtexit2.o)
    0x080002dc   0x080002dc   0x00000006   Code   RO          453    .ARM.Collect$$rtexit$$00000004  c_w.l(rtexit2.o)
    0x080002e2   0x080002e2   0x00000002   PAD
    0x080002e4   0x080002e4   0x0000008c   Code   RO           17    .text               startup_stm32l476xx.o
    0x08000370   0x08000370   0x00000018   Code   RO          104    .text               c_w.l(printf.o)
    0x08000388   0x08000388   0x00000020   Code   RO          106    .text               c_w.l(scanf.o)
    0x080003a8   0x080003a8   0x00000006   Code   RO          108    .text               c_w.l(heapauxi.o)
    0x080003ae   0x080003ae   0x0000004e   Code   RO          115    .text               c_w.l(_printf_pad.o)
    0x080003fc   0x080003fc   0x00000024   Code   RO          117    .text               c_w.l(_printf_truncate.o)
    0x08000420   0x08000420   0x00000052   Code   RO          119    .text               c_w.l(_printf_str.o)
    0x08000472   0x08000472   0x00000002   PAD
    0x08000474   0x08000474   0x00000078   Code   RO          121    .text               c_w.l(_printf_dec.o)
    0x080004ec   0x080004ec   0x00000028   Code   RO          123    .text               c_w.l(_printf_charcount.o)
    0x08000514   0x08000514   0x00000024   Code   RO          125    .text               c_w.l(_printf_char_file.o)
    0x08000538   0x08000538   0x000000c2   Code   RO          127    .text               c_w.l(_printf_wctomb.o)
    0x080005fa   0x080005fa   0x00000002   PAD
    0x080005fc   0x080005fc   0x0000007c   Code   RO          130    .text               c_w.l(_printf_longlong_dec.o)
    0x08000678   0x08000678   0x00000070   Code   RO          136    .text               c_w.l(_printf_oct_int_ll.o)
    0x080006e8   0x080006e8   0x00000094   Code   RO          156    .text               c_w.l(_printf_hex_int_ll_ptr.o)
    0x0800077c   0x0800077c   0x0000018e   Code   RO          176    .text               c_w.l(__printf_flags_ss_wp.o)
    0x0800090a   0x0800090a   0x0000015c   Code   RO          202    .text               c_w.l(_scanf_longlong.o)
    0x08000a66   0x08000a66   0x00000152   Code   RO          204    .text               c_w.l(_scanf_int.o)
    0x08000bb8   0x08000bb8   0x000000e6   Code   RO          206    .text               c_w.l(_scanf_str.o)
    0x08000c9e   0x08000c9e   0x00000002   PAD
    0x08000ca0   0x08000ca0   0x00000018   Code   RO          208    .text               c_w.l(scanf_char_file.o)
    0x08000cb8   0x08000cb8   0x0000011a   Code   RO          210    .text               c_w.l(_scanf_mbtowc.o)
    0x08000dd2   0x08000dd2   0x000000ee   Code   RO          212    .text               c_w.l(_scanf_wctomb.o)
    0x08000ec0   0x08000ec0   0x000000d6   Code   RO          214    .text               c_w.l(_scanf_wstr.o)
    0x08000f96   0x08000f96   0x0000008a   Code   RO          241    .text               c_w.l(lludiv10.o)
    0x08001020   0x08001020   0x000000b2   Code   RO          243    .text               c_w.l(_printf_intcommon.o)
    0x080010d2   0x080010d2   0x00000422   Code   RO          245    .text               c_w.l(_printf_fp_dec.o)
    0x080014f4   0x080014f4   0x00000302   Code   RO          249    .text               c_w.l(_printf_fp_hex.o)
    0x080017f6   0x080017f6   0x00000002   PAD
    0x080017f8   0x080017f8   0x00000030   Code   RO          252    .text               c_w.l(_printf_char_common.o)
    0x08001828   0x08001828   0x0000002c   Code   RO          254    .text               c_w.l(_printf_char.o)
    0x08001854   0x08001854   0x0000002c   Code   RO          256    .text               c_w.l(_printf_wchar.o)
    0x08001880   0x08001880   0x0000001c   Code   RO          259    .text               c_w.l(_chval.o)
    0x0800189c   0x0800189c   0x00000508   Code   RO          261    .text               c_w.l(scanf_fp.o)
    0x08001da4   0x08001da4   0x0000002c   Code   RO          265    .text               c_w.l(scanf_char.o)
    0x08001dd0   0x08001dd0   0x0000001e   Code   RO          267    .text               c_w.l(_scanf_wcharmap.o)
    0x08001dee   0x08001dee   0x00000048   Code   RO          269    .text               c_w.l(backspace.o)
    0x08001e36   0x08001e36   0x00000008   Code   RO          271    .text               c_w.l(ferror.o)
    0x08001e3e   0x08001e3e   0x00000040   Code   RO          277    .text               c_w.l(_mbrtoc16.o)
    0x08001e7e   0x08001e7e   0x00000048   Code   RO          279    .text               c_w.l(_c16rtomb.o)
    0x08001ec6   0x08001ec6   0x0000004a   Code   RO          281    .text               c_w.l(sys_stackheap_outer.o)
    0x08001f10   0x08001f10   0x00000010   Code   RO          283    .text               c_w.l(rt_ctype_table.o)
    0x08001f20   0x08001f20   0x00000008   Code   RO          288    .text               c_w.l(rt_locale_intlibspace.o)
    0x08001f28   0x08001f28   0x00000008   Code   RO          293    .text               c_w.l(rt_errno_addr_intlibspace.o)
    0x08001f30   0x08001f30   0x00000026   Code   RO          295    .text               c_w.l(llshl.o)
    0x08001f56   0x08001f56   0x00000012   Code   RO          297    .text               c_w.l(isspace.o)
    0x08001f68   0x08001f68   0x00000080   Code   RO          299    .text               c_w.l(_printf_fp_infnan.o)
    0x08001fe8   0x08001fe8   0x0000037a   Code   RO          303    .text               c_w.l(_scanf.o)
    0x08002362   0x08002362   0x00000002   PAD
    0x08002364   0x08002364   0x000000e4   Code   RO          305    .text               c_w.l(bigflt0.o)
    0x08002448   0x08002448   0x00000048   Code   RO          335    .text               c_w.l(ungetc.o)
    0x08002490   0x08002490   0x00000012   Code   RO          340    .text               c_w.l(exit.o)
    0x080024a2   0x080024a2   0x00000002   PAD
    0x080024a4   0x080024a4   0x00000008   Code   RO          373    .text               c_w.l(libspace.o)
    0x080024ac   0x080024ac   0x00000016   Code   RO          378    .text               c_w.l(_rserrno.o)
    0x080024c2   0x080024c2   0x00000002   PAD
    0x080024c4   0x080024c4   0x00000326   Code   RO          380    .text               c_w.l(scanf_hexfp.o)
    0x080027ea   0x080027ea   0x00000002   PAD
    0x080027ec   0x080027ec   0x0000013a   Code   RO          382    .text               c_w.l(scanf_infnan.o)
    0x08002926   0x08002926   0x00000002   PAD
    0x08002928   0x08002928   0x0000007c   Code   RO          389    .text               c_w.l(strcmpv7em.o)
    0x080029a4   0x080029a4   0x0000000c   Code   RO          481    .text               c_w.l(sys_exit.o)
    0x080029b0   0x080029b0   0x00000002   Code   RO          514    .text               c_w.l(use_no_semi.o)
    0x080029b2   0x080029b2   0x00000000   Code   RO          516    .text               c_w.l(indicate_semi.o)
    0x080029b2   0x080029b2   0x00000002   PAD
    0x080029b4   0x080029b4   0x0000004a   Code   RO            2    .text.Init_USARTx   main.o
    0x080029fe   0x080029fe   0x00000002   PAD
    0x08002a00   0x08002a00   0x00000076   Code   RO           73    .text.Motor_Init    motor.o
    0x08002a76   0x08002a76   0x00000002   PAD
    0x08002a78   0x08002a78   0x00000016   Code   RO           38    .text.SysTick_Handler  systimer.o
    0x08002a8e   0x08002a8e   0x00000002   PAD
    0x08002a90   0x08002a90   0x00000056   Code   RO           32    .text.SysTick_Init  systimer.o
    0x08002ae6   0x08002ae6   0x00000002   PAD
    0x08002ae8   0x08002ae8   0x000001d2   Code   RO           24    .text.System_Clock_Init  sysclock.o
    0x08002cba   0x08002cba   0x00000002   PAD
    0x08002cbc   0x08002cbc   0x00000082   Code   RO           54    .text.UART1_GPIO_Init  uart.o
    0x08002d3e   0x08002d3e   0x00000002   PAD
    0x08002d40   0x08002d40   0x00000022   Code   RO           50    .text.UART1_Init    uart.o
    0x08002d62   0x08002d62   0x00000002   PAD
    0x08002d64   0x08002d64   0x00000078   Code   RO           56    .text.UART2_GPIO_Init  uart.o
    0x08002ddc   0x08002ddc   0x00000022   Code   RO           52    .text.UART2_Init    uart.o
    0x08002dfe   0x08002dfe   0x00000002   PAD
    0x08002e00   0x08002e00   0x00000032   Code   RO           64    .text.USART_Delay   uart.o
    0x08002e32   0x08002e32   0x00000002   PAD
    0x08002e34   0x08002e34   0x0000004c   Code   RO           58    .text.USART_Init    uart.o
    0x08002e80   0x08002e80   0x0000001e   Code   RO           60    .text.USART_Read    uart.o
    0x08002e9e   0x08002e9e   0x00000002   PAD
    0x08002ea0   0x08002ea0   0x00000064   Code   RO           62    .text.USART_Write   uart.o
    0x08002f04   0x08002f04   0x00000030   Code   RO           34    .text.__NVIC_EnableIRQ  systimer.o
    0x08002f34   0x08002f34   0x00000042   Code   RO           36    .text.__NVIC_SetPriority  systimer.o
    0x08002f76   0x08002f76   0x00000002   PAD
    0x08002f78   0x08002f78   0x0000001e   Code   RO           92    .text.fgetc         uart_printf.o
    0x08002f96   0x08002f96   0x00000002   PAD
    0x08002f98   0x08002f98   0x00000026   Code   RO           90    .text.fputc         uart_printf.o
    0x08002fbe   0x08002fbe   0x00000002   PAD
    0x08002fc0   0x08002fc0   0x0000006a   Code   RO            4    .text.main          main.o
    0x0800302a   0x0800302a   0x00000002   PAD
    0x0800302c   0x0800302c   0x00000098   Code   RO           75    .text.rotate        motor.o
    0x080030c4   0x080030c4   0x0000002a   Code   RO           77    .text.setDire       motor.o
    0x080030ee   0x080030ee   0x0000003e   Code   RO          308    CL$$btod_d2e        c_w.l(btod.o)
    0x0800312c   0x0800312c   0x00000046   Code   RO          310    CL$$btod_d2e_denorm_low  c_w.l(btod.o)
    0x08003172   0x08003172   0x00000060   Code   RO          309    CL$$btod_d2e_norm_op1  c_w.l(btod.o)
    0x080031d2   0x080031d2   0x00000002   PAD
    0x080031d4   0x080031d4   0x00000338   Code   RO          318    CL$$btod_div_common  c_w.l(btod.o)
    0x0800350c   0x0800350c   0x00000084   Code   RO          316    CL$$btod_e2d        c_w.l(btod.o)
    0x08003590   0x08003590   0x000000dc   Code   RO          315    CL$$btod_e2e        c_w.l(btod.o)
    0x0800366c   0x0800366c   0x0000002a   Code   RO          312    CL$$btod_ediv       c_w.l(btod.o)
    0x08003696   0x08003696   0x0000002a   Code   RO          314    CL$$btod_edivd      c_w.l(btod.o)
    0x080036c0   0x080036c0   0x0000002a   Code   RO          311    CL$$btod_emul       c_w.l(btod.o)
    0x080036ea   0x080036ea   0x0000002a   Code   RO          313    CL$$btod_emuld      c_w.l(btod.o)
    0x08003714   0x08003714   0x00000244   Code   RO          317    CL$$btod_mult_common  c_w.l(btod.o)
    0x08003958   0x08003958   0x00000030   Code   RO          363    i.__ARM_fpclassify  m_wm.l(fpclassify.o)
    0x08003988   0x08003988   0x000000f8   Code   RO          365    i.__hardfp___mathlib_tofloat  m_wm.l(narrow.o)
    0x08003a80   0x08003a80   0x000000d0   Code   RO          473    i.__hardfp_ldexp    m_wm.l(ldexp.o)
    0x08003b50   0x08003b50   0x00000020   Code   RO          500    i.__mathlib_dbl_overflow  m_wm.l(dunder.o)
    0x08003b70   0x08003b70   0x00000020   Code   RO          502    i.__mathlib_dbl_underflow  m_wm.l(dunder.o)
    0x08003b90   0x08003b90   0x00000012   Code   RO          366    i.__mathlib_narrow  m_wm.l(narrow.o)
    0x08003ba2   0x08003ba2   0x00000014   Code   RO          475    i.__support_ldexp   m_wm.l(ldexp.o)
    0x08003bb6   0x08003bb6   0x0000000e   Code   RO          169    i._is_digit         c_w.l(__printf_wp.o)
    0x08003bc4   0x08003bc4   0x00000004   PAD
    0x08003bc8   0x08003bc8   0x0000008c   Code   RO          446    i.frexp             m_wm.l(frexp.o)
    0x08003c54   0x08003c54   0x0000002c   Code   RO          338    locale$$code        c_w.l(lc_numeric_c.o)
    0x08003c80   0x08003c80   0x0000002c   Code   RO          387    locale$$code        c_w.l(lc_ctype_c.o)
    0x08003cac   0x08003cac   0x00000062   Code   RO          438    x$fpl$d2f           fz_wm.l(d2f.o)
    0x08003d0e   0x08003d0e   0x00000002   PAD
    0x08003d10   0x08003d10   0x00000010   Code   RO          545    x$fpl$dcheck1       fz_wm.l(dcheck1.o)
    0x08003d20   0x08003d20   0x00000018   Code   RO          461    x$fpl$dcmpinf       fz_wm.l(dcmpi.o)
    0x08003d38   0x08003d38   0x00000078   Code   RO          440    x$fpl$deqf          fz_wm.l(deqf.o)
    0x08003db0   0x08003db0   0x00000078   Code   RO          463    x$fpl$dleqf         fz_wm.l(dleqf.o)
    0x08003e28   0x08003e28   0x00000154   Code   RO          465    x$fpl$dmul          fz_wm.l(dmul.o)
    0x08003f7c   0x08003f7c   0x0000009c   Code   RO          467    x$fpl$dnaninf       fz_wm.l(dnaninf.o)
    0x08004018   0x08004018   0x0000000c   Code   RO          492    x$fpl$dretinf       fz_wm.l(dretinf.o)
    0x08004024   0x08004024   0x0000006c   Code   RO          442    x$fpl$drleqf        fz_wm.l(drleqf.o)
    0x08004090   0x08004090   0x0000001a   Code   RO          469    x$fpl$fpinit        fz_wm.l(fpinit.o)
    0x080040aa   0x080040aa   0x0000000a   Code   RO          471    x$fpl$fretinf       fz_wm.l(fretinf.o)
    0x080040b4   0x080040b4   0x00000006   Code   RO          354    x$fpl$ieeestatus    fz_wm.l(istatus.o)
    0x080040ba   0x080040ba   0x00000004   Code   RO          216    x$fpl$printf1       fz_wm.l(printf1.o)
    0x080040be   0x080040be   0x00000004   Code   RO          218    x$fpl$printf2       fz_wm.l(printf2.o)
    0x080040c2   0x080040c2   0x00000064   Code   RO          557    x$fpl$retnan        fz_wm.l(retnan.o)
    0x08004126   0x08004126   0x0000005c   Code   RO          494    x$fpl$scalbn        fz_wm.l(scalbn.o)
    0x08004182   0x08004182   0x00000004   Code   RO          224    x$fpl$scanf1        fz_wm.l(scanf1.o)
    0x08004186   0x08004186   0x00000008   Code   RO          356    x$fpl$scanf2        fz_wm.l(scanf2.o)
    0x0800418e   0x0800418e   0x00000030   Code   RO          563    x$fpl$trapveneer    fz_wm.l(trapv.o)
    0x080041be   0x080041be   0x00000000   Code   RO          362    x$fpl$usenofp       fz_wm.l(usenofp.o)
    0x080041be   0x080041be   0x00000002   PAD
    0x080041c0   0x080041c0   0x00000008   Data   RO          128    .constdata          c_w.l(_printf_wctomb.o)
    0x080041c8   0x080041c8   0x00000028   Data   RO          157    .constdata          c_w.l(_printf_hex_int_ll_ptr.o)
    0x080041f0   0x080041f0   0x00000011   Data   RO          177    .constdata          c_w.l(__printf_flags_ss_wp.o)
    0x08004201   0x08004201   0x00000026   Data   RO          250    .constdata          c_w.l(_printf_fp_hex.o)
    0x08004227   0x08004227   0x00000001   PAD
    0x08004228   0x08004228   0x00000094   Data   RO          306    .constdata          c_w.l(bigflt0.o)
    0x080042bc   0x080042bc   0x00000020   Data   RO           79    .rodata.HalfStep    motor.o
    0x080042dc   0x080042dc   0x00000015   Data   RO            6    .rodata.str1.1      main.o
    0x080042f1   0x080042f1   0x0000000c   Data   RO           82    .rodata.str1.1      motor.o
    0x080042fd   0x080042fd   0x00000003   PAD
    0x08004300   0x08004300   0x00000010   Data   RO          588    Region$$Table       anon$$obj.o
    0x08004310   0x08004310   0x00000008   Data   RO          350    c$$dinf             fz_wm.l(fpconst.o)
    0x08004318   0x08004318   0x00000008   Data   RO          353    c$$dmax             fz_wm.l(fpconst.o)
    0x08004320   0x08004320   0x0000001c   Data   RO          337    locale$$data        c_w.l(lc_numeric_c.o)
    0x0800433c   0x0800433c   0x00000110   Data   RO          386    locale$$data        c_w.l(lc_ctype_c.o)


    Execution Region RW_IRAM1 (Exec base: 0x20000000, Load base: 0x0800444c, Size: 0x00000718, Max: 0x00018000, ABSOLUTE)

    Exec Addr    Load Addr    Size         Type   Attr      Idx    E Section Name        Object

    0x20000000        -       0x00000060   Zero   RW          374    .bss                c_w.l(libspace.o)
    0x20000060        -       0x00000054   Zero   RW           95    .bss.__stdin        uart_printf.o
    0x200000b4        -       0x00000054   Zero   RW           94    .bss.__stdout       uart_printf.o
    0x20000108        -       0x00000001   Zero   RW           81    .bss.dire           motor.o
    0x20000109   0x0800444c   0x00000003   PAD
    0x2000010c        -       0x00000004   Zero   RW           42    .bss.step           systimer.o
    0x20000110        -       0x00000001   Zero   RW           80    .bss.step           motor.o
    0x20000111   0x0800444c   0x00000007   PAD
    0x20000118        -       0x00000200   Zero   RW           15    HEAP                startup_stm32l476xx.o
    0x20000318        -       0x00000400   Zero   RW           14    STACK               startup_stm32l476xx.o


==============================================================================

Image component sizes


      Code (inc. data)   RO Data    RW Data    ZI Data      Debug   Object Name

       180          0         21          0          0       1361   main.o
       312          0         44          0          2       2336   motor.o
       140         48        392          0       1536        920   startup_stm32l476xx.o
       466          0          0          0          0       2137   sysclock.o
       222          0          0          0          4       4299   systimer.o
       574          0          0          0          0       3123   uart.o
        68          0          0          0        168       1588   uart_printf.o

    ----------------------------------------------------------------------
      1990         48        476          0       1720      15764   Object Totals
         0          0         16          0          0          0   (incl. Generated)
        28          0          3          0         10          0   (incl. Padding)

    ----------------------------------------------------------------------

      Code (inc. data)   RO Data    RW Data    ZI Data      Debug   Library Member Name

         8          0          0          0          0         68   __main.o
       398          4         17          0          0         92   __printf_flags_ss_wp.o
        14          0          0          0          0         68   __printf_wp.o
         0          0          0          0          0          0   __rtentry.o
        12          0          0          0          0          0   __rtentry2.o
         6          0          0          0          0          0   __rtentry4.o
        94          8          0          0          0          0   __scatter.o
        28          0          0          0          0          0   __scatter_zi.o
        72          0          0          0          0         96   _c16rtomb.o
        28          0          0          0          0         68   _chval.o
        64          0          0          0          0         84   _mbrtoc16.o
         6          0          0          0          0          0   _printf_a.o
         6          0          0          0          0          0   _printf_c.o
        44          0          0          0          0        108   _printf_char.o
        48          6          0          0          0         96   _printf_char_common.o
        36          4          0          0          0         80   _printf_char_file.o
        40          0          0          0          0         68   _printf_charcount.o
         6          0          0          0          0          0   _printf_d.o
       120         16          0          0          0         92   _printf_dec.o
         6          0          0          0          0          0   _printf_e.o
         6          0          0          0          0          0   _printf_f.o
      1058          0          0          0          0        148   _printf_fp_dec.o
       770          8         38          0          0        100   _printf_fp_hex.o
       128         16          0          0          0         84   _printf_fp_infnan.o
         6          0          0          0          0          0   _printf_g.o
       148          4         40          0          0        160   _printf_hex_int_ll_ptr.o
         6          0          0          0          0          0   _printf_i.o
       178          0          0          0          0         88   _printf_intcommon.o
        10          0          0          0          0          0   _printf_l.o
         6          0          0          0          0          0   _printf_lc.o
        10          0          0          0          0          0   _printf_ll.o
         6          0          0          0          0          0   _printf_lld.o
         6          0          0          0          0          0   _printf_lli.o
         6          0          0          0          0          0   _printf_llo.o
         6          0          0          0          0          0   _printf_llu.o
         6          0          0          0          0          0   _printf_llx.o
       124         16          0          0          0         92   _printf_longlong_dec.o
         6          0          0          0          0          0   _printf_ls.o
         6          0          0          0          0          0   _printf_n.o
         6          0          0          0          0          0   _printf_o.o
       112          8          0          0          0        124   _printf_oct_int_ll.o
         6          0          0          0          0          0   _printf_p.o
        78          0          0          0          0        108   _printf_pad.o
         0          0          0          0          0          0   _printf_percent.o
         4          0          0          0          0          0   _printf_percent_end.o
         6          0          0          0          0          0   _printf_s.o
        82          0          0          0          0         80   _printf_str.o
        36          0          0          0          0         84   _printf_truncate.o
         6          0          0          0          0          0   _printf_u.o
        44          0          0          0          0        108   _printf_wchar.o
       194          6          8          0          0         92   _printf_wctomb.o
         6          0          0          0          0          0   _printf_x.o
        22          0          0          0          0        100   _rserrno.o
       890          6          0          0          0        100   _scanf.o
       338          0          0          0          0         96   _scanf_int.o
       348          0          0          0          0        100   _scanf_longlong.o
       282          0          0          0          0        100   _scanf_mbtowc.o
       230          0          0          0          0         96   _scanf_str.o
        30          0          0          0          0         76   _scanf_wcharmap.o
       238          0          0          0          0        100   _scanf_wctomb.o
       214          0          0          0          0         96   _scanf_wstr.o
        72          0          0          0          0         92   backspace.o
       228          4        148          0          0         96   bigflt0.o
      2152        136          0          0          0        956   btod.o
        18          0          0          0          0         80   exit.o
         8          0          0          0          0         68   ferror.o
         6          0          0          0          0        152   heapauxi.o
         0          0          0          0          0          0   indicate_semi.o
        18          0          0          0          0         76   isspace.o
        44         10        272          0          0         76   lc_ctype_c.o
        44         10         28          0          0         76   lc_numeric_c.o
         2          0          0          0          0          0   libinit.o
        34          0          0          0          0          0   libinit2.o
         2          0          0          0          0          0   libshutdown.o
         2          0          0          0          0          0   libshutdown2.o
         8          4          0          0         96         68   libspace.o
        38          0          0          0          0         68   llshl.o
       138          0          0          0          0         80   lludiv10.o
        24          4          0          0          0         84   printf.o
        16          4          0          0          0         76   rt_ctype_table.o
         8          4          0          0          0         68   rt_errno_addr_intlibspace.o
         8          4          0          0          0         68   rt_locale_intlibspace.o
         2          0          0          0          0          0   rtexit.o
        10          0          0          0          0          0   rtexit2.o
        32          6          0          0          0         84   scanf.o
        44          8          0          0          0         84   scanf_char.o
        24          8          0          0          0         68   scanf_char_file.o
      1288         16          0          0          0        168   scanf_fp.o
       806         14          0          0          0        100   scanf_hexfp.o
       314         16          0          0          0        100   scanf_infnan.o
       124          0          0          0          0         88   strcmpv7em.o
        12          4          0          0          0         68   sys_exit.o
        74          0          0          0          0         80   sys_stackheap_outer.o
        72         12          0          0          0         68   ungetc.o
         2          0          0          0          0         68   use_no_semi.o
        98          4          0          0          0        140   d2f.o
        16          4          0          0          0        116   dcheck1.o
        24          0          0          0          0        116   dcmpi.o
       120          4          0          0          0        140   deqf.o
       120          4          0          0          0        140   dleqf.o
       340         12          0          0          0        152   dmul.o
       156          4          0          0          0        140   dnaninf.o
        12          0          0          0          0        116   dretinf.o
       108          0          0          0          0        128   drleqf.o
         0          0         16          0          0          0   fpconst.o
        26          0          0          0          0        116   fpinit.o
        10          0          0          0          0        116   fretinf.o
         6          0          0          0          0        116   istatus.o
         4          0          0          0          0        116   printf1.o
         4          0          0          0          0        116   printf2.o
       100          0          0          0          0        116   retnan.o
        92          0          0          0          0        116   scalbn.o
         4          0          0          0          0        116   scanf1.o
         8          0          0          0          0        132   scanf2.o
        48          0          0          0          0        116   trapv.o
         0          0          0          0          0          0   usenofp.o
        64         16          0          0          0        248   dunder.o
        48          0          0          0          0        124   fpclassify.o
       140         22          0          0          0        132   frexp.o
       228          8          0          0          0        308   ldexp.o
       266         16          0          0          0        308   narrow.o

    ----------------------------------------------------------------------
     14450        460        568          0         96       9696   Library Totals
        34          0          1          0          0          0   (incl. Padding)

    ----------------------------------------------------------------------

      Code (inc. data)   RO Data    RW Data    ZI Data      Debug   Library Name

     12374        366        551          0         96       6212   c_w.l
      1296         32         16          0          0       2364   fz_wm.l
       746         62          0          0          0       1120   m_wm.l

    ----------------------------------------------------------------------
     14450        460        568          0         96       9696   Library Totals

    ----------------------------------------------------------------------

==============================================================================


      Code (inc. data)   RO Data    RW Data    ZI Data      Debug   

     16440        508       1044          0       1816      19480   Grand Totals
     16440        508       1044          0       1816      19480   ELF Image Totals
     16440        508       1044          0          0          0   ROM Totals

==============================================================================

    Total RO  Size (Code + RO Data)                17484 (  17.07kB)
    Total RW  Size (RW Data + ZI Data)              1816 (   1.77kB)
    Total ROM Size (Code + RO Data + RW Data)      17484 (  17.07kB)

==============================================================================

